Command line invocation:
    /Applications/Xcode.app/Contents/Developer/usr/bin/xcodebuild -scheme OurWeek -project OurWeek.xcodeproj -destination generic/platform=iOS build

2026-03-10 21:28:31.345 xcodebuild[7084:273782] [MT] IDERunDestination: Supported platforms for the buildables in the current scheme is empty.
ComputePackagePrebuildTargetDependencyGraph

Prepare packages

CreateBuildRequest

SendProjectDescription

CreateBuildOperation

ComputeTargetDependencyGraph
note: Building targets in dependency order
note: Target dependency graph (1 target)
    Target 'OurWeek' in project 'OurWeek' (no dependencies)

GatherProvisioningInputs

CreateBuildDescription

ExecuteExternalTool /Applications/Xcode.app/Contents/Developer/Toolchains/XcodeDefault.xctoolchain/usr/bin/clang -v -E -dM -isysroot /Applications/Xcode.app/Contents/Developer/Platforms/iPhoneOS.platform/Developer/SDKs/iPhoneOS26.2.sdk -x c -c /dev/null

ExecuteExternalTool /Applications/Xcode.app/Contents/Developer/usr/bin/momc --dry-run --action generate --swift-version 5.0 --sdkroot /Applications/Xcode.app/Contents/Developer/Platforms/iPhoneOS.platform/Developer/SDKs/iPhoneOS26.2.sdk --iphoneos-deployment-target 26.2 --module OurWeek /Users/kalebjensen/Desktop/Our Week/OurWeek/OurWeek/OurWeek.xcdatamodeld /Users/kalebjensen/Library/Developer/Xcode/DerivedData/OurWeek-fehiyzypcnsglletcbszonlcwimp/Build/Intermediates.noindex/OurWeek.build/Debug-iphoneos/OurWeek.build/DerivedSources/CoreDataGenerated/OurWeek

ExecuteExternalTool /Applications/Xcode.app/Contents/Developer/usr/bin/actool --print-asset-tag-combinations --output-format xml1 /Users/kalebjensen/Desktop/Our Week/OurWeek/OurWeek/Assets.xcassets

ExecuteExternalTool /Applications/Xcode.app/Contents/Developer/usr/bin/actool --version --output-format xml1

ExecuteExternalTool /Applications/Xcode.app/Contents/Developer/Toolchains/XcodeDefault.xctoolchain/usr/bin/swiftc --version

ExecuteExternalTool /Applications/Xcode.app/Contents/Developer/Toolchains/XcodeDefault.xctoolchain/usr/bin/ld -version_details

Build description signature: 36ad98fe1634bd99e665553bf141db81
Build description path: /Users/kalebjensen/Library/Developer/Xcode/DerivedData/OurWeek-fehiyzypcnsglletcbszonlcwimp/Build/Intermediates.noindex/XCBuildData/36ad98fe1634bd99e665553bf141db81.xcbuilddata
ClangStatCache /Applications/Xcode.app/Contents/Developer/Toolchains/XcodeDefault.xctoolchain/usr/bin/clang-stat-cache /Applications/Xcode.app/Contents/Developer/Platforms/iPhoneOS.platform/Developer/SDKs/iPhoneOS26.2.sdk /Users/kalebjensen/Library/Developer/Xcode/DerivedData/SDKStatCaches.noindex/iphoneos26.2-23C57-3794476bd08197c3e2abd9bb477ef7f7.sdkstatcache
    cd /Users/kalebjensen/Desktop/Our\ Week/OurWeek/OurWeek.xcodeproj
    /Applications/Xcode.app/Contents/Developer/Toolchains/XcodeDefault.xctoolchain/usr/bin/clang-stat-cache /Applications/Xcode.app/Contents/Developer/Platforms/iPhoneOS.platform/Developer/SDKs/iPhoneOS26.2.sdk -o /Users/kalebjensen/Library/Developer/Xcode/DerivedData/SDKStatCaches.noindex/iphoneos26.2-23C57-3794476bd08197c3e2abd9bb477ef7f7.sdkstatcache

ProcessProductPackaging /Users/kalebjensen/Desktop/Our\ Week/OurWeek/OurWeek/OurWeek.entitlements /Users/kalebjensen/Library/Developer/Xcode/DerivedData/OurWeek-fehiyzypcnsglletcbszonlcwimp/Build/Intermediates.noindex/OurWeek.build/Debug-iphoneos/OurWeek.build/OurWeek.app.xcent (in target 'OurWeek' from project 'OurWeek')
    cd /Users/kalebjensen/Desktop/Our\ Week/OurWeek
    
    Entitlements:
    
    {
    "application-identifier" = "ZNKG8BKXAT.com.kalebjensen.OurWeek";
    "aps-environment" = development;
    "com.apple.developer.icloud-container-identifiers" =     (
        "iCloud.com.kalebjensen.OurWeek"
    );
    "com.apple.developer.icloud-services" =     (
        CloudKit
    );
    "com.apple.developer.team-identifier" = ZNKG8BKXAT;
    "get-task-allow" = 1;
}
    
    builtin-productPackagingUtility /Users/kalebjensen/Desktop/Our\ Week/OurWeek/OurWeek/OurWeek.entitlements -entitlements -format xml -o /Users/kalebjensen/Library/Developer/Xcode/DerivedData/OurWeek-fehiyzypcnsglletcbszonlcwimp/Build/Intermediates.noindex/OurWeek.build/Debug-iphoneos/OurWeek.build/OurWeek.app.xcent

ProcessProductPackagingDER /Users/kalebjensen/Library/Developer/Xcode/DerivedData/OurWeek-fehiyzypcnsglletcbszonlcwimp/Build/Intermediates.noindex/OurWeek.build/Debug-iphoneos/OurWeek.build/OurWeek.app.xcent /Users/kalebjensen/Library/Developer/Xcode/DerivedData/OurWeek-fehiyzypcnsglletcbszonlcwimp/Build/Intermediates.noindex/OurWeek.build/Debug-iphoneos/OurWeek.build/OurWeek.app.xcent.der (in target 'OurWeek' from project 'OurWeek')
    cd /Users/kalebjensen/Desktop/Our\ Week/OurWeek
    /usr/bin/derq query -f xml -i /Users/kalebjensen/Library/Developer/Xcode/DerivedData/OurWeek-fehiyzypcnsglletcbszonlcwimp/Build/Intermediates.noindex/OurWeek.build/Debug-iphoneos/OurWeek.build/OurWeek.app.xcent -o /Users/kalebjensen/Library/Developer/Xcode/DerivedData/OurWeek-fehiyzypcnsglletcbszonlcwimp/Build/Intermediates.noindex/OurWeek.build/Debug-iphoneos/OurWeek.build/OurWeek.app.xcent.der --raw

ProcessInfoPlistFile /Users/kalebjensen/Library/Developer/Xcode/DerivedData/OurWeek-fehiyzypcnsglletcbszonlcwimp/Build/Products/Debug-iphoneos/OurWeek.app/Info.plist /Users/kalebjensen/Desktop/Our\ Week/OurWeek/OurWeek/Info.plist (in target 'OurWeek' from project 'OurWeek')
    cd /Users/kalebjensen/Desktop/Our\ Week/OurWeek
    builtin-infoPlistUtility /Users/kalebjensen/Desktop/Our\ Week/OurWeek/OurWeek/Info.plist -producttype com.apple.product-type.application -genpkginfo /Users/kalebjensen/Library/Developer/Xcode/DerivedData/OurWeek-fehiyzypcnsglletcbszonlcwimp/Build/Products/Debug-iphoneos/OurWeek.app/PkgInfo -expandbuildsettings -format binary -platform iphoneos -additionalcontentfile /Users/kalebjensen/Library/Developer/Xcode/DerivedData/OurWeek-fehiyzypcnsglletcbszonlcwimp/Build/Intermediates.noindex/OurWeek.build/Debug-iphoneos/OurWeek.build/assetcatalog_generated_info.plist -requiredArchitecture arm64 -o /Users/kalebjensen/Library/Developer/Xcode/DerivedData/OurWeek-fehiyzypcnsglletcbszonlcwimp/Build/Products/Debug-iphoneos/OurWeek.app/Info.plist

SwiftDriver OurWeek normal arm64 com.apple.xcode.tools.swift.compiler (in target 'OurWeek' from project 'OurWeek')
    cd /Users/kalebjensen/Desktop/Our\ Week/OurWeek
    builtin-SwiftDriver -- /Applications/Xcode.app/Contents/Developer/Toolchains/XcodeDefault.xctoolchain/usr/bin/swiftc -module-name OurWeek -Onone -enforce-exclusivity\=checked @/Users/kalebjensen/Library/Developer/Xcode/DerivedData/OurWeek-fehiyzypcnsglletcbszonlcwimp/Build/Intermediates.noindex/OurWeek.build/Debug-iphoneos/OurWeek.build/Objects-normal/arm64/OurWeek.SwiftFileList -DDEBUG -default-isolation\=MainActor -enable-bare-slash-regex -enable-upcoming-feature DisableOutwardActorInference -enable-upcoming-feature InferSendableFromCaptures -enable-upcoming-feature GlobalActorIsolatedTypesUsability -enable-upcoming-feature MemberImportVisibility -enable-upcoming-feature InferIsolatedConformances -enable-upcoming-feature NonisolatedNonsendingByDefault -enable-experimental-feature DebugDescriptionMacro -sdk /Applications/Xcode.app/Contents/Developer/Platforms/iPhoneOS.platform/Developer/SDKs/iPhoneOS26.2.sdk -target arm64-apple-ios26.2 -g -module-cache-path /Users/kalebjensen/Library/Developer/Xcode/DerivedData/ModuleCache.noindex -Xfrontend -serialize-debugging-options -enable-testing -index-store-path /Users/kalebjensen/Library/Developer/Xcode/DerivedData/OurWeek-fehiyzypcnsglletcbszonlcwimp/Index.noindex/DataStore -Xcc -D_LIBCPP_HARDENING_MODE\=_LIBCPP_HARDENING_MODE_DEBUG -swift-version 5 -I /Users/kalebjensen/Library/Developer/Xcode/DerivedData/OurWeek-fehiyzypcnsglletcbszonlcwimp/Build/Products/Debug-iphoneos -F /Users/kalebjensen/Library/Developer/Xcode/DerivedData/OurWeek-fehiyzypcnsglletcbszonlcwimp/Build/Products/Debug-iphoneos -emit-localized-strings -emit-localized-strings-path /Users/kalebjensen/Library/Developer/Xcode/DerivedData/OurWeek-fehiyzypcnsglletcbszonlcwimp/Build/Intermediates.noindex/OurWeek.build/Debug-iphoneos/OurWeek.build/Objects-normal/arm64 -c -j16 -enable-batch-mode -incremental -Xcc -ivfsstatcache -Xcc /Users/kalebjensen/Library/Developer/Xcode/DerivedData/SDKStatCaches.noindex/iphoneos26.2-23C57-3794476bd08197c3e2abd9bb477ef7f7.sdkstatcache -output-file-map /Users/kalebjensen/Library/Developer/Xcode/DerivedData/OurWeek-fehiyzypcnsglletcbszonlcwimp/Build/Intermediates.noindex/OurWeek.build/Debug-iphoneos/OurWeek.build/Objects-normal/arm64/OurWeek-OutputFileMap.json -use-frontend-parseable-output -save-temps -no-color-diagnostics -explicit-module-build -module-cache-path /Users/kalebjensen/Library/Developer/Xcode/DerivedData/OurWeek-fehiyzypcnsglletcbszonlcwimp/Build/Intermediates.noindex/SwiftExplicitPrecompiledModules -clang-scanner-module-cache-path /Users/kalebjensen/Library/Developer/Xcode/DerivedData/ModuleCache.noindex -sdk-module-cache-path /Users/kalebjensen/Library/Developer/Xcode/DerivedData/ModuleCache.noindex -serialize-diagnostics -emit-dependencies -emit-module -emit-module-path /Users/kalebjensen/Library/Developer/Xcode/DerivedData/OurWeek-fehiyzypcnsglletcbszonlcwimp/Build/Intermediates.noindex/OurWeek.build/Debug-iphoneos/OurWeek.build/Objects-normal/arm64/OurWeek.swiftmodule -validate-clang-modules-once -clang-build-session-file /Users/kalebjensen/Library/Developer/Xcode/DerivedData/ModuleCache.noindex/Session.modulevalidation -Xcc -I/Users/kalebjensen/Library/Developer/Xcode/DerivedData/OurWeek-fehiyzypcnsglletcbszonlcwimp/Build/Intermediates.noindex/OurWeek.build/Debug-iphoneos/OurWeek.build/swift-overrides.hmap -emit-const-values -Xfrontend -const-gather-protocols-file -Xfrontend /Users/kalebjensen/Library/Developer/Xcode/DerivedData/OurWeek-fehiyzypcnsglletcbszonlcwimp/Build/Intermediates.noindex/OurWeek.build/Debug-iphoneos/OurWeek.build/Objects-normal/arm64/OurWeek_const_extract_protocols.json -Xcc -iquote -Xcc /Users/kalebjensen/Library/Developer/Xcode/DerivedData/OurWeek-fehiyzypcnsglletcbszonlcwimp/Build/Intermediates.noindex/OurWeek.build/Debug-iphoneos/OurWeek.build/OurWeek-generated-files.hmap -Xcc -I/Users/kalebjensen/Library/Developer/Xcode/DerivedData/OurWeek-fehiyzypcnsglletcbszonlcwimp/Build/Intermediates.noindex/OurWeek.build/Debug-iphoneos/OurWeek.build/OurWeek-own-target-headers.hmap -Xcc -I/Users/kalebjensen/Library/Developer/Xcode/DerivedData/OurWeek-fehiyzypcnsglletcbszonlcwimp/Build/Intermediates.noindex/OurWeek.build/Debug-iphoneos/OurWeek.build/OurWeek-all-target-headers.hmap -Xcc -iquote -Xcc /Users/kalebjensen/Library/Developer/Xcode/DerivedData/OurWeek-fehiyzypcnsglletcbszonlcwimp/Build/Intermediates.noindex/OurWeek.build/Debug-iphoneos/OurWeek.build/OurWeek-project-headers.hmap -Xcc -I/Users/kalebjensen/Library/Developer/Xcode/DerivedData/OurWeek-fehiyzypcnsglletcbszonlcwimp/Build/Products/Debug-iphoneos/include -Xcc -I/Users/kalebjensen/Library/Developer/Xcode/DerivedData/OurWeek-fehiyzypcnsglletcbszonlcwimp/Build/Intermediates.noindex/OurWeek.build/Debug-iphoneos/OurWeek.build/DerivedSources-normal/arm64 -Xcc -I/Users/kalebjensen/Library/Developer/Xcode/DerivedData/OurWeek-fehiyzypcnsglletcbszonlcwimp/Build/Intermediates.noindex/OurWeek.build/Debug-iphoneos/OurWeek.build/DerivedSources/arm64 -Xcc -I/Users/kalebjensen/Library/Developer/Xcode/DerivedData/OurWeek-fehiyzypcnsglletcbszonlcwimp/Build/Intermediates.noindex/OurWeek.build/Debug-iphoneos/OurWeek.build/DerivedSources -Xcc -DDEBUG\=1 -emit-objc-header -emit-objc-header-path /Users/kalebjensen/Library/Developer/Xcode/DerivedData/OurWeek-fehiyzypcnsglletcbszonlcwimp/Build/Intermediates.noindex/OurWeek.build/Debug-iphoneos/OurWeek.build/Objects-normal/arm64/OurWeek-Swift.h -working-directory /Users/kalebjensen/Desktop/Our\ Week/OurWeek -experimental-emit-module-separately -disable-cmo

SwiftCompile normal arm64 Compiling\ ContentView.swift,\ DataManager.swift,\ EventDetailSheet.swift /Users/kalebjensen/Desktop/Our\ Week/OurWeek/OurWeek/ContentView.swift /Users/kalebjensen/Desktop/Our\ Week/OurWeek/OurWeek/DataManager.swift /Users/kalebjensen/Desktop/Our\ Week/OurWeek/OurWeek/EventDetailSheet.swift (in target 'OurWeek' from project 'OurWeek')

SwiftCompile normal arm64 /Users/kalebjensen/Desktop/Our\ Week/OurWeek/OurWeek/ContentView.swift (in target 'OurWeek' from project 'OurWeek')
    cd /Users/kalebjensen/Desktop/Our\ Week/OurWeek
    

SwiftCompile normal arm64 /Users/kalebjensen/Desktop/Our\ Week/OurWeek/OurWeek/DataManager.swift (in target 'OurWeek' from project 'OurWeek')
    cd /Users/kalebjensen/Desktop/Our\ Week/OurWeek
    
/Users/kalebjensen/Desktop/Our Week/OurWeek/OurWeek/DataManager.swift:219:19: warning: variable 'self' was written to, but never read
        ) { [weak self] notification in
                  ^

SwiftCompile normal arm64 /Users/kalebjensen/Desktop/Our\ Week/OurWeek/OurWeek/EventDetailSheet.swift (in target 'OurWeek' from project 'OurWeek')
    cd /Users/kalebjensen/Desktop/Our\ Week/OurWeek
    

SwiftCompile normal arm64 Compiling\ GeminiError.swift,\ GeminiService.swift,\ ImportPreviewView.swift /Users/kalebjensen/Desktop/Our\ Week/OurWeek/OurWeek/GeminiError.swift /Users/kalebjensen/Desktop/Our\ Week/OurWeek/OurWeek/GeminiService.swift /Users/kalebjensen/Desktop/Our\ Week/OurWeek/OurWeek/ImportPreviewView.swift (in target 'OurWeek' from project 'OurWeek')

SwiftCompile normal arm64 /Users/kalebjensen/Desktop/Our\ Week/OurWeek/OurWeek/GeminiError.swift (in target 'OurWeek' from project 'OurWeek')
    cd /Users/kalebjensen/Desktop/Our\ Week/OurWeek
    

SwiftCompile normal arm64 /Users/kalebjensen/Desktop/Our\ Week/OurWeek/OurWeek/GeminiService.swift (in target 'OurWeek' from project 'OurWeek')
    cd /Users/kalebjensen/Desktop/Our\ Week/OurWeek
    
/Users/kalebjensen/Desktop/Our Week/OurWeek/OurWeek/GeminiService.swift:38:25: warning: result of call to 'canMakeRequest()' is unused
        try rateLimiter.canMakeRequest()
                        ^             ~~
/Users/kalebjensen/Desktop/Our Week/OurWeek/OurWeek/GeminiService.swift:71:25: warning: result of call to 'canMakeRequest()' is unused
        try rateLimiter.canMakeRequest()
                        ^             ~~
/Users/kalebjensen/Desktop/Our Week/OurWeek/OurWeek/GeminiService.swift:139:25: warning: result of call to 'canMakeRequest()' is unused
        try rateLimiter.canMakeRequest()
                        ^             ~~

SwiftCompile normal arm64 /Users/kalebjensen/Desktop/Our\ Week/OurWeek/OurWeek/ImportPreviewView.swift (in target 'OurWeek' from project 'OurWeek')
    cd /Users/kalebjensen/Desktop/Our\ Week/OurWeek
    

SwiftCompile normal arm64 Compiling\ CalendarSettingsView.swift,\ CalendarSyncManager.swift,\ CalendarView.swift /Users/kalebjensen/Desktop/Our\ Week/OurWeek/OurWeek/CalendarSettingsView.swift /Users/kalebjensen/Desktop/Our\ Week/OurWeek/OurWeek/CalendarSyncManager.swift /Users/kalebjensen/Desktop/Our\ Week/OurWeek/OurWeek/CalendarView.swift (in target 'OurWeek' from project 'OurWeek')

SwiftCompile normal arm64 /Users/kalebjensen/Desktop/Our\ Week/OurWeek/OurWeek/CalendarSettingsView.swift (in target 'OurWeek' from project 'OurWeek')
    cd /Users/kalebjensen/Desktop/Our\ Week/OurWeek
    
/Users/kalebjensen/Desktop/Our Week/OurWeek/OurWeek/CalendarSettingsView.swift:24:57: warning: 'authorized' was deprecated in iOS 17.0: Check for full access or write only access
                    syncManager.authorizationStatus == .authorized) {
                                                        ^
/Users/kalebjensen/Desktop/Our Week/OurWeek/OurWeek/CalendarSettingsView.swift:42:52: warning: 'authorized' was deprecated in iOS 17.0: Check for full access or write only access
               syncManager.authorizationStatus == .authorized {
                                                   ^

SwiftCompile normal arm64 /Users/kalebjensen/Desktop/Our\ Week/OurWeek/OurWeek/CalendarSyncManager.swift (in target 'OurWeek' from project 'OurWeek')
    cd /Users/kalebjensen/Desktop/Our\ Week/OurWeek
    
/Users/kalebjensen/Desktop/Our Week/OurWeek/OurWeek/CalendarSyncManager.swift:119:77: warning: 'authorized' was deprecated in iOS 17.0: Check for full access or write only access
              authorizationStatus == .fullAccess || authorizationStatus == .authorized else {
                                                                            ^

SwiftCompile normal arm64 /Users/kalebjensen/Desktop/Our\ Week/OurWeek/OurWeek/CalendarView.swift (in target 'OurWeek' from project 'OurWeek')
    cd /Users/kalebjensen/Desktop/Our\ Week/OurWeek
    

SwiftCompile normal arm64 Compiling\ AIPromptTemplates.swift,\ AIResponseCache.swift,\ AISettingsView.swift /Users/kalebjensen/Desktop/Our\ Week/OurWeek/OurWeek/AIPromptTemplates.swift /Users/kalebjensen/Desktop/Our\ Week/OurWeek/OurWeek/AIResponseCache.swift /Users/kalebjensen/Desktop/Our\ Week/OurWeek/OurWeek/AISettingsView.swift (in target 'OurWeek' from project 'OurWeek')

SwiftCompile normal arm64 /Users/kalebjensen/Desktop/Our\ Week/OurWeek/OurWeek/AIPromptTemplates.swift (in target 'OurWeek' from project 'OurWeek')
    cd /Users/kalebjensen/Desktop/Our\ Week/OurWeek
    

SwiftCompile normal arm64 /Users/kalebjensen/Desktop/Our\ Week/OurWeek/OurWeek/AIResponseCache.swift (in target 'OurWeek' from project 'OurWeek')
    cd /Users/kalebjensen/Desktop/Our\ Week/OurWeek
    

SwiftCompile normal arm64 /Users/kalebjensen/Desktop/Our\ Week/OurWeek/OurWeek/AISettingsView.swift (in target 'OurWeek' from project 'OurWeek')
    cd /Users/kalebjensen/Desktop/Our\ Week/OurWeek
    

SwiftCompile normal arm64 Compiling\ AddEventSheet.swift,\ AddMealSheet.swift,\ AddRecipeView.swift /Users/kalebjensen/Desktop/Our\ Week/OurWeek/OurWeek/AddEventSheet.swift /Users/kalebjensen/Desktop/Our\ Week/OurWeek/OurWeek/AddMealSheet.swift /Users/kalebjensen/Desktop/Our\ Week/OurWeek/OurWeek/AddRecipeView.swift (in target 'OurWeek' from project 'OurWeek')

SwiftCompile normal arm64 /Users/kalebjensen/Desktop/Our\ Week/OurWeek/OurWeek/AddEventSheet.swift (in target 'OurWeek' from project 'OurWeek')
    cd /Users/kalebjensen/Desktop/Our\ Week/OurWeek
    

SwiftCompile normal arm64 /Users/kalebjensen/Desktop/Our\ Week/OurWeek/OurWeek/AddMealSheet.swift (in target 'OurWeek' from project 'OurWeek')
    cd /Users/kalebjensen/Desktop/Our\ Week/OurWeek
    

SwiftCompile normal arm64 /Users/kalebjensen/Desktop/Our\ Week/OurWeek/OurWeek/AddRecipeView.swift (in target 'OurWeek' from project 'OurWeek')
    cd /Users/kalebjensen/Desktop/Our\ Week/OurWeek
    

SwiftCompile normal arm64 Compiling\ Persistence.swift,\ RateLimiter.swift,\ RecipeCard.swift /Users/kalebjensen/Desktop/Our\ Week/OurWeek/OurWeek/Persistence.swift /Users/kalebjensen/Desktop/Our\ Week/OurWeek/OurWeek/RateLimiter.swift /Users/kalebjensen/Desktop/Our\ Week/OurWeek/OurWeek/RecipeCard.swift (in target 'OurWeek' from project 'OurWeek')

SwiftCompile normal arm64 /Users/kalebjensen/Desktop/Our\ Week/OurWeek/OurWeek/Persistence.swift (in target 'OurWeek' from project 'OurWeek')
    cd /Users/kalebjensen/Desktop/Our\ Week/OurWeek
    
/Users/kalebjensen/Desktop/Our Week/OurWeek/OurWeek/Persistence.swift:194:30: warning: no 'async' operations occur within 'await' expression
            let shares = try await ckContainer.fetchShares(matching: [objectID])
                             ^
/Users/kalebjensen/Desktop/Our Week/OurWeek/OurWeek/Persistence.swift:209:14: warning: immutable value 'objectIDs' was never used; consider replacing with '_' or removing it
        let (objectIDs, share, container) = try await ckContainer.share(
             ^~~~~~~~~
             _

SwiftCompile normal arm64 /Users/kalebjensen/Desktop/Our\ Week/OurWeek/OurWeek/RateLimiter.swift (in target 'OurWeek' from project 'OurWeek')
    cd /Users/kalebjensen/Desktop/Our\ Week/OurWeek
    

SwiftCompile normal arm64 /Users/kalebjensen/Desktop/Our\ Week/OurWeek/OurWeek/RecipeCard.swift (in target 'OurWeek' from project 'OurWeek')
    cd /Users/kalebjensen/Desktop/Our\ Week/OurWeek
    
/Users/kalebjensen/Desktop/Our Week/OurWeek/OurWeek/RecipeCard.swift:122:20: warning: value 'onDelete' was defined but never used; consider replacing with boolean test
            if let onDelete = onDelete {
               ~~~~^~~~~~~~~~~
                                       != nil

SwiftCompile normal arm64 Compiling\ KeychainManager.swift,\ MealPlanCarouselView.swift,\ OurWeekApp.swift /Users/kalebjensen/Desktop/Our\ Week/OurWeek/OurWeek/KeychainManager.swift /Users/kalebjensen/Desktop/Our\ Week/OurWeek/OurWeek/MealPlanCarouselView.swift /Users/kalebjensen/Desktop/Our\ Week/OurWeek/OurWeek/OurWeekApp.swift (in target 'OurWeek' from project 'OurWeek')

SwiftCompile normal arm64 /Users/kalebjensen/Desktop/Our\ Week/OurWeek/OurWeek/KeychainManager.swift (in target 'OurWeek' from project 'OurWeek')
    cd /Users/kalebjensen/Desktop/Our\ Week/OurWeek
    

SwiftCompile normal arm64 /Users/kalebjensen/Desktop/Our\ Week/OurWeek/OurWeek/MealPlanCarouselView.swift (in target 'OurWeek' from project 'OurWeek')
    cd /Users/kalebjensen/Desktop/Our\ Week/OurWeek
    

SwiftCompile normal arm64 /Users/kalebjensen/Desktop/Our\ Week/OurWeek/OurWeek/OurWeekApp.swift (in target 'OurWeek' from project 'OurWeek')
    cd /Users/kalebjensen/Desktop/Our\ Week/OurWeek
    

SwiftCompile normal arm64 Compiling\ SharingManager.swift,\ SharingSettingsView.swift,\ ShoppingListView.swift /Users/kalebjensen/Desktop/Our\ Week/OurWeek/OurWeek/SharingManager.swift /Users/kalebjensen/Desktop/Our\ Week/OurWeek/OurWeek/SharingSettingsView.swift /Users/kalebjensen/Desktop/Our\ Week/OurWeek/OurWeek/ShoppingListView.swift (in target 'OurWeek' from project 'OurWeek')
SwiftCompile normal arm64 /Users/kalebjensen/Desktop/Our\ Week/OurWeek/OurWeek/SharingManager.swift (in target 'OurWeek' from project 'OurWeek')
    cd /Users/kalebjensen/Desktop/Our\ Week/OurWeek
    
/Users/kalebjensen/Desktop/Our Week/OurWeek/OurWeek/SharingManager.swift:93:17: warning: switch must be exhaustive
                switch ckParticipant.acceptanceStatus {
                ^
/Users/kalebjensen/Desktop/Our Week/OurWeek/OurWeek/SharingManager.swift:93:17: note: add missing case: '.unknown'
                switch ckParticipant.acceptanceStatus {
                ^
/Users/kalebjensen/Desktop/Our Week/OurWeek/OurWeek/SharingManager.swift:299:17: warning: switch must be exhaustive
                switch p.acceptanceStatus {
                ^
/Users/kalebjensen/Desktop/Our Week/OurWeek/OurWeek/SharingManager.swift:299:17: note: add missing case: '.unknown'
                switch p.acceptanceStatus {
                ^
/Users/kalebjensen/Desktop/Our Week/OurWeek/OurWeek/SharingManager.swift:306:17: warning: switch must be exhaustive
                switch p.role {
                ^
/Users/kalebjensen/Desktop/Our Week/OurWeek/OurWeek/SharingManager.swift:306:17: note: add missing case: '.administrator'
                switch p.role {
                ^
/Users/kalebjensen/Desktop/Our Week/OurWeek/OurWeek/SharingManager.swift:314:17: warning: switch must be exhaustive
                switch p.permission {
                ^
/Users/kalebjensen/Desktop/Our Week/OurWeek/OurWeek/SharingManager.swift:314:17: note: add missing case: '.unknown'
                switch p.permission {
                ^

SwiftCompile normal arm64 /Users/kalebjensen/Desktop/Our\ Week/OurWeek/OurWeek/SharingSettingsView.swift (in target 'OurWeek' from project 'OurWeek')
    cd /Users/kalebjensen/Desktop/Our\ Week/OurWeek
    

SwiftCompile normal arm64 /Users/kalebjensen/Desktop/Our\ Week/OurWeek/OurWeek/ShoppingListView.swift (in target 'OurWeek' from project 'OurWeek')
    cd /Users/kalebjensen/Desktop/Our\ Week/OurWeek
    
/Users/kalebjensen/Desktop/Our Week/OurWeek/OurWeek/ShoppingListView.swift:401:34: error: value of type 'DataManager' has no member 'deleteShoppingItem'
                self.dataManager.deleteShoppingItem(newItem)
                ~~~~~~~~~~~~~~~~ ^~~~~~~~~~~~~~~~~~
/Users/kalebjensen/Desktop/Our Week/OurWeek/OurWeek/ShoppingListView.swift:439:21: error: value of type 'DataManager' has no member 'deleteShoppingItem'
        dataManager.deleteShoppingItem(item)
        ~~~~~~~~~~~ ^~~~~~~~~~~~~~~~~~
/Users/kalebjensen/Desktop/Our Week/OurWeek/OurWeek/ShoppingListView.swift:472:25: error: the compiler is unable to type-check this expression in reasonable time; try breaking up the expression into distinct sub-expressions
    var body: some View {
                        ^

Failed frontend command:
/Applications/Xcode.app/Contents/Developer/Toolchains/XcodeDefault.xctoolchain/usr/bin/swift-frontend -frontend -c /Users/kalebjensen/Desktop/Our\ Week/OurWeek/OurWeek/AddEventSheet.swift /Users/kalebjensen/Desktop/Our\ Week/OurWeek/OurWeek/AddMealSheet.swift /Users/kalebjensen/Desktop/Our\ Week/OurWeek/OurWeek/AddRecipeView.swift /Users/kalebjensen/Desktop/Our\ Week/OurWeek/OurWeek/AIPromptTemplates.swift /Users/kalebjensen/Desktop/Our\ Week/OurWeek/OurWeek/AIResponseCache.swift /Users/kalebjensen/Desktop/Our\ Week/OurWeek/OurWeek/AISettingsView.swift /Users/kalebjensen/Desktop/Our\ Week/OurWeek/OurWeek/CalendarSettingsView.swift /Users/kalebjensen/Desktop/Our\ Week/OurWeek/OurWeek/CalendarSyncManager.swift /Users/kalebjensen/Desktop/Our\ Week/OurWeek/OurWeek/CalendarView.swift /Users/kalebjensen/Desktop/Our\ Week/OurWeek/OurWeek/ContentView.swift /Users/kalebjensen/Desktop/Our\ Week/OurWeek/OurWeek/DataManager.swift /Users/kalebjensen/Desktop/Our\ Week/OurWeek/OurWeek/EventDetailSheet.swift /Users/kalebjensen/Desktop/Our\ Week/OurWeek/OurWeek/GeminiError.swift /Users/kalebjensen/Desktop/Our\ Week/OurWeek/OurWeek/GeminiService.swift /Users/kalebjensen/Desktop/Our\ Week/OurWeek/OurWeek/ImportPreviewView.swift /Users/kalebjensen/Desktop/Our\ Week/OurWeek/OurWeek/KeychainManager.swift /Users/kalebjensen/Desktop/Our\ Week/OurWeek/OurWeek/MealPlanCarouselView.swift /Users/kalebjensen/Desktop/Our\ Week/OurWeek/OurWeek/OurWeekApp.swift /Users/kalebjensen/Desktop/Our\ Week/OurWeek/OurWeek/Persistence.swift /Users/kalebjensen/Desktop/Our\ Week/OurWeek/OurWeek/RateLimiter.swift /Users/kalebjensen/Desktop/Our\ Week/OurWeek/OurWeek/RecipeCard.swift /Users/kalebjensen/Desktop/Our\ Week/OurWeek/OurWeek/RecipeDetailView.swift /Users/kalebjensen/Desktop/Our\ Week/OurWeek/OurWeek/RecipeLibraryView.swift /Users/kalebjensen/Desktop/Our\ Week/OurWeek/OurWeek/RecipeScraperService.swift -primary-file /Users/kalebjensen/Desktop/Our\ Week/OurWeek/OurWeek/SharingManager.swift -primary-file /Users/kalebjensen/Desktop/Our\ Week/OurWeek/OurWeek/SharingSettingsView.swift -primary-file /Users/kalebjensen/Desktop/Our\ Week/OurWeek/OurWeek/ShoppingListView.swift /Users/kalebjensen/Desktop/Our\ Week/OurWeek/OurWeek/URLImportView.swift /Users/kalebjensen/Library/Developer/Xcode/DerivedData/OurWeek-fehiyzypcnsglletcbszonlcwimp/Build/Intermediates.noindex/OurWeek.build/Debug-iphoneos/OurWeek.build/DerivedSources/CoreDataGenerated/OurWeek/CalendarEvent+CoreDataClass.swift /Users/kalebjensen/Library/Developer/Xcode/DerivedData/OurWeek-fehiyzypcnsglletcbszonlcwimp/Build/Intermediates.noindex/OurWeek.build/Debug-iphoneos/OurWeek.build/DerivedSources/CoreDataGenerated/OurWeek/CalendarEvent+CoreDataProperties.swift /Users/kalebjensen/Library/Developer/Xcode/DerivedData/OurWeek-fehiyzypcnsglletcbszonlcwimp/Build/Intermediates.noindex/OurWeek.build/Debug-iphoneos/OurWeek.build/DerivedSources/CoreDataGenerated/OurWeek/Household+CoreDataClass.swift /Users/kalebjensen/Library/Developer/Xcode/DerivedData/OurWeek-fehiyzypcnsglletcbszonlcwimp/Build/Intermediates.noindex/OurWeek.build/Debug-iphoneos/OurWeek.build/DerivedSources/CoreDataGenerated/OurWeek/Household+CoreDataProperties.swift /Users/kalebjensen/Library/Developer/Xcode/DerivedData/OurWeek-fehiyzypcnsglletcbszonlcwimp/Build/Intermediates.noindex/OurWeek.build/Debug-iphoneos/OurWeek.build/DerivedSources/CoreDataGenerated/OurWeek/MealPlan+CoreDataClass.swift /Users/kalebjensen/Library/Developer/Xcode/DerivedData/OurWeek-fehiyzypcnsglletcbszonlcwimp/Build/Intermediates.noindex/OurWeek.build/Debug-iphoneos/OurWeek.build/DerivedSources/CoreDataGenerated/OurWeek/MealPlan+CoreDataProperties.swift /Users/kalebjensen/Library/Developer/Xcode/DerivedData/OurWeek-fehiyzypcnsglletcbszonlcwimp/Build/Intermediates.noindex/OurWeek.build/Debug-iphoneos/OurWeek.build/DerivedSources/CoreDataGenerated/OurWeek/Recipe+CoreDataClass.swift /Users/kalebjensen/Library/Developer/Xcode/DerivedData/OurWeek-fehiyzypcnsglletcbszonlcwimp/Build/Intermediates.noindex/OurWeek.build/Debug-iphoneos/OurWeek.build/DerivedSources/CoreDataGenerated/OurWeek/Recipe+CoreDataProperties.swift /Users/kalebjensen/Library/Developer/Xcode/DerivedData/OurWeek-fehiyzypcnsglletcbszonlcwimp/Build/Intermediates.noindex/OurWeek.build/Debug-iphoneos/OurWeek.build/DerivedSources/CoreDataGenerated/OurWeek/RecipeIngredient+CoreDataClass.swift /Users/kalebjensen/Library/Developer/Xcode/DerivedData/OurWeek-fehiyzypcnsglletcbszonlcwimp/Build/Intermediates.noindex/OurWeek.build/Debug-iphoneos/OurWeek.build/DerivedSources/CoreDataGenerated/OurWeek/RecipeIngredient+CoreDataProperties.swift /Users/kalebjensen/Library/Developer/Xcode/DerivedData/OurWeek-fehiyzypcnsglletcbszonlcwimp/Build/Intermediates.noindex/OurWeek.build/Debug-iphoneos/OurWeek.build/DerivedSources/CoreDataGenerated/OurWeek/RecipeInstruction+CoreDataClass.swift /Users/kalebjensen/Library/Developer/Xcode/DerivedData/OurWeek-fehiyzypcnsglletcbszonlcwimp/Build/Intermediates.noindex/OurWeek.build/Debug-iphoneos/OurWeek.build/DerivedSources/CoreDataGenerated/OurWeek/RecipeInstruction+CoreDataProperties.swift /Users/kalebjensen/Library/Developer/Xcode/DerivedData/OurWeek-fehiyzypcnsglletcbszonlcwimp/Build/Intermediates.noindex/OurWeek.build/Debug-iphoneos/OurWeek.build/DerivedSources/CoreDataGenerated/OurWeek/ShoppingItem+CoreDataClass.swift /Users/kalebjensen/Library/Developer/Xcode/DerivedData/OurWeek-fehiyzypcnsglletcbszonlcwimp/Build/Intermediates.noindex/OurWeek.build/Debug-iphoneos/OurWeek.build/DerivedSources/CoreDataGenerated/OurWeek/ShoppingItem+CoreDataProperties.swift /Users/kalebjensen/Library/Developer/Xcode/DerivedData/OurWeek-fehiyzypcnsglletcbszonlcwimp/Build/Intermediates.noindex/OurWeek.build/Debug-iphoneos/OurWeek.build/DerivedSources/CoreDataGenerated/OurWeek/ShoppingList+CoreDataClass.swift /Users/kalebjensen/Library/Developer/Xcode/DerivedData/OurWeek-fehiyzypcnsglletcbszonlcwimp/Build/Intermediates.noindex/OurWeek.build/Debug-iphoneos/OurWeek.build/DerivedSources/CoreDataGenerated/OurWeek/ShoppingList+CoreDataProperties.swift /Users/kalebjensen/Library/Developer/Xcode/DerivedData/OurWeek-fehiyzypcnsglletcbszonlcwimp/Build/Intermediates.noindex/OurWeek.build/Debug-iphoneos/OurWeek.build/DerivedSources/CoreDataGenerated/OurWeek/OurWeek+CoreDataModel.swift /Users/kalebjensen/Library/Developer/Xcode/DerivedData/OurWeek-fehiyzypcnsglletcbszonlcwimp/Build/Intermediates.noindex/OurWeek.build/Debug-iphoneos/OurWeek.build/DerivedSources/GeneratedAssetSymbols.swift -supplementary-output-file-map /Users/kalebjensen/Library/Developer/Xcode/DerivedData/OurWeek-fehiyzypcnsglletcbszonlcwimp/Build/Intermediates.noindex/OurWeek.build/Debug-iphoneos/OurWeek.build/Objects-normal/arm64/supplementaryOutputs-9 -emit-localized-strings -emit-localized-strings-path /Users/kalebjensen/Library/Developer/Xcode/DerivedData/OurWeek-fehiyzypcnsglletcbszonlcwimp/Build/Intermediates.noindex/OurWeek.build/Debug-iphoneos/OurWeek.build/Objects-normal/arm64 -target arm64-apple-ios26.2 -module-can-import-version DeveloperToolsSupport 23.0.4 23.0.4 -module-can-import-version SwiftUI 7.2.5.1 7.2.5 -module-can-import-version UIKit 9126.2.4.1 9126.2.4 -disable-cross-import-overlay-search -swift-module-cross-import CoreData /Applications/Xcode.app/Contents/Developer/Platforms/iPhoneOS.platform/Developer/SDKs/iPhoneOS.sdk/System/Library/Frameworks/CoreData.framework/Modules/CoreData.swiftcrossimport/CloudKit.swiftoverlay -swift-module-cross-import CoreData /Applications/Xcode.app/Contents/Developer/Platforms/iPhoneOS.platform/Developer/SDKs/iPhoneOS26.2.sdk/System/Library/Frameworks/CoreData.framework/Modules/CoreData.swiftcrossimport/CloudKit.swiftoverlay -swift-module-cross-import PhotosUI /Applications/Xcode.app/Contents/Developer/Platforms/iPhoneOS.platform/Developer/SDKs/iPhoneOS.sdk/System/Library/Frameworks/PhotosUI.framework/Modules/PhotosUI.swiftcrossimport/SwiftUI.swiftoverlay -swift-module-cross-import PhotosUI /Applications/Xcode.app/Contents/Developer/Platforms/iPhoneOS.platform/Developer/SDKs/iPhoneOS.sdk/System/Library/Frameworks/PhotosUI.framework/Modules/PhotosUI.swiftcrossimport/WidgetKit.swiftoverlay -swift-module-cross-import PhotosUI /Applications/Xcode.app/Contents/Developer/Platforms/iPhoneOS.platform/Developer/SDKs/iPhoneOS26.2.sdk/System/Library/Frameworks/PhotosUI.framework/Modules/PhotosUI.swiftcrossimport/SwiftUI.swiftoverlay -swift-module-cross-import PhotosUI /Applications/Xcode.app/Contents/Developer/Platforms/iPhoneOS.platform/Developer/SDKs/iPhoneOS26.2.sdk/System/Library/Frameworks/PhotosUI.framework/Modules/PhotosUI.swiftcrossimport/WidgetKit.swiftoverlay -load-resolved-plugin /Applications/Xcode.app/Contents/Developer/Platforms/iPhoneOS.platform/Developer/usr/lib/swift/host/plugins/libFoundationMacros.dylib\#/Applications/Xcode.app/Contents/Developer/Platforms/iPhoneOS.platform/Developer/usr/bin/swift-plugin-server\#FoundationMacros -load-resolved-plugin /Applications/Xcode.app/Contents/Developer/Platforms/iPhoneOS.platform/Developer/usr/lib/swift/host/plugins/libObservationMacros.dylib\#/Applications/Xcode.app/Contents/Developer/Platforms/iPhoneOS.platform/Developer/usr/bin/swift-plugin-server\#ObservationMacros -load-resolved-plugin /Applications/Xcode.app/Contents/Developer/Platforms/iPhoneOS.platform/Developer/usr/lib/swift/host/plugins/libPreviewsMacros.dylib\#/Applications/Xcode.app/Contents/Developer/Platforms/iPhoneOS.platform/Developer/usr/bin/swift-plugin-server\#PreviewsMacros -load-resolved-plugin /Applications/Xcode.app/Contents/Developer/Platforms/iPhoneOS.platform/Developer/usr/lib/swift/host/plugins/libSwiftMacros.dylib\#/Applications/Xcode.app/Contents/Developer/Platforms/iPhoneOS.platform/Developer/usr/bin/swift-plugin-server\#SwiftMacros -load-resolved-plugin /Applications/Xcode.app/Contents/Developer/Platforms/iPhoneOS.platform/Developer/usr/lib/swift/host/plugins/libSwiftUIMacros.dylib\#/Applications/Xcode.app/Contents/Developer/Platforms/iPhoneOS.platform/Developer/usr/bin/swift-plugin-server\#SwiftUIMacros -disable-implicit-swift-modules -Xcc -fno-implicit-modules -Xcc -fno-implicit-module-maps -explicit-swift-module-map-file /Users/kalebjensen/Library/Developer/Xcode/DerivedData/OurWeek-fehiyzypcnsglletcbszonlcwimp/Build/Intermediates.noindex/OurWeek.build/Debug-iphoneos/OurWeek.build/Objects-normal/arm64/OurWeek-dependencies-1.json -Xllvm -aarch64-use-tbi -enable-objc-interop -stack-check -sdk /Applications/Xcode.app/Contents/Developer/Platforms/iPhoneOS.platform/Developer/SDKs/iPhoneOS26.2.sdk -I /Users/kalebjensen/Library/Developer/Xcode/DerivedData/OurWeek-fehiyzypcnsglletcbszonlcwimp/Build/Products/Debug-iphoneos -F /Users/kalebjensen/Library/Developer/Xcode/DerivedData/OurWeek-fehiyzypcnsglletcbszonlcwimp/Build/Products/Debug-iphoneos -no-color-diagnostics -Xcc -fno-color-diagnostics -enable-testing -g -debug-info-format\=dwarf -dwarf-version\=5 -module-cache-path /Users/kalebjensen/Library/Developer/Xcode/DerivedData/OurWeek-fehiyzypcnsglletcbszonlcwimp/Build/Intermediates.noindex/SwiftExplicitPrecompiledModules -swift-version 5 -enforce-exclusivity\=checked -Onone -D DEBUG -serialize-debugging-options -const-gather-protocols-file /Users/kalebjensen/Library/Developer/Xcode/DerivedData/OurWeek-fehiyzypcnsglletcbszonlcwimp/Build/Intermediates.noindex/OurWeek.build/Debug-iphoneos/OurWeek.build/Objects-normal/arm64/OurWeek_const_extract_protocols.json -enable-upcoming-feature DisableOutwardActorInference -enable-upcoming-feature InferSendableFromCaptures -enable-upcoming-feature GlobalActorIsolatedTypesUsability -enable-upcoming-feature MemberImportVisibility -enable-upcoming-feature InferIsolatedConformances -enable-upcoming-feature NonisolatedNonsendingByDefault -enable-experimental-feature DebugDescriptionMacro -enable-bare-slash-regex -default-isolation\=MainActor -empty-abi-descriptor -validate-clang-modules-once -clang-build-session-file /Users/kalebjensen/Library/Developer/Xcode/DerivedData/ModuleCache.noindex/Session.modulevalidation -Xcc -working-directory -Xcc /Users/kalebjensen/Desktop/Our\ Week/OurWeek -enable-anonymous-context-mangled-names -file-compilation-dir /Users/kalebjensen/Desktop/Our\ Week/OurWeek -Xcc -D_LIBCPP_HARDENING_MODE\=_LIBCPP_HARDENING_MODE_DEBUG -Xcc -ivfsstatcache -Xcc /Users/kalebjensen/Library/Developer/Xcode/DerivedData/SDKStatCaches.noindex/iphoneos26.2-23C57-3794476bd08197c3e2abd9bb477ef7f7.sdkstatcache -Xcc -I/Users/kalebjensen/Library/Developer/Xcode/DerivedData/OurWeek-fehiyzypcnsglletcbszonlcwimp/Build/Intermediates.noindex/OurWeek.build/Debug-iphoneos/OurWeek.build/swift-overrides.hmap -Xcc -iquote -Xcc /Users/kalebjensen/Library/Developer/Xcode/DerivedData/OurWeek-fehiyzypcnsglletcbszonlcwimp/Build/Intermediates.noindex/OurWeek.build/Debug-iphoneos/OurWeek.build/OurWeek-generated-files.hmap -Xcc -I/Users/kalebjensen/Library/Developer/Xcode/DerivedData/OurWeek-fehiyzypcnsglletcbszonlcwimp/Build/Intermediates.noindex/OurWeek.build/Debug-iphoneos/OurWeek.build/OurWeek-own-target-headers.hmap -Xcc -I/Users/kalebjensen/Library/Developer/Xcode/DerivedData/OurWeek-fehiyzypcnsglletcbszonlcwimp/Build/Intermediates.noindex/OurWeek.build/Debug-iphoneos/OurWeek.build/OurWeek-all-target-headers.hmap -Xcc -iquote -Xcc /Users/kalebjensen/Library/Developer/Xcode/DerivedData/OurWeek-fehiyzypcnsglletcbszonlcwimp/Build/Intermediates.noindex/OurWeek.build/Debug-iphoneos/OurWeek.build/OurWeek-project-headers.hmap -Xcc -I/Users/kalebjensen/Library/Developer/Xcode/DerivedData/OurWeek-fehiyzypcnsglletcbszonlcwimp/Build/Products/Debug-iphoneos/include -Xcc -I/Users/kalebjensen/Library/Developer/Xcode/DerivedData/OurWeek-fehiyzypcnsglletcbszonlcwimp/Build/Intermediates.noindex/OurWeek.build/Debug-iphoneos/OurWeek.build/DerivedSources-normal/arm64 -Xcc -I/Users/kalebjensen/Library/Developer/Xcode/DerivedData/OurWeek-fehiyzypcnsglletcbszonlcwimp/Build/Intermediates.noindex/OurWeek.build/Debug-iphoneos/OurWeek.build/DerivedSources/arm64 -Xcc -I/Users/kalebjensen/Library/Developer/Xcode/DerivedData/OurWeek-fehiyzypcnsglletcbszonlcwimp/Build/Intermediates.noindex/OurWeek.build/Debug-iphoneos/OurWeek.build/DerivedSources -Xcc -DDEBUG\=1 -no-auto-bridging-header-chaining -module-name OurWeek -frontend-parseable-output -disable-clang-spi -target-sdk-version 26.2 -target-sdk-name iphoneos26.2 -clang-target arm64-apple-ios26.2 -in-process-plugin-server-path /Applications/Xcode.app/Contents/Developer/Toolchains/XcodeDefault.xctoolchain/usr/lib/swift/host/libSwiftInProcPluginServer.dylib -o /Users/kalebjensen/Library/Developer/Xcode/DerivedData/OurWeek-fehiyzypcnsglletcbszonlcwimp/Build/Intermediates.noindex/OurWeek.build/Debug-iphoneos/OurWeek.build/Objects-normal/arm64/SharingManager.o -o /Users/kalebjensen/Library/Developer/Xcode/DerivedData/OurWeek-fehiyzypcnsglletcbszonlcwimp/Build/Intermediates.noindex/OurWeek.build/Debug-iphoneos/OurWeek.build/Objects-normal/arm64/SharingSettingsView.o -o /Users/kalebjensen/Library/Developer/Xcode/DerivedData/OurWeek-fehiyzypcnsglletcbszonlcwimp/Build/Intermediates.noindex/OurWeek.build/Debug-iphoneos/OurWeek.build/Objects-normal/arm64/ShoppingListView.o -index-unit-output-path /OurWeek.build/Debug-iphoneos/OurWeek.build/Objects-normal/arm64/SharingManager.o -index-unit-output-path /OurWeek.build/Debug-iphoneos/OurWeek.build/Objects-normal/arm64/SharingSettingsView.o -index-unit-output-path /OurWeek.build/Debug-iphoneos/OurWeek.build/Objects-normal/arm64/ShoppingListView.o -index-store-path /Users/kalebjensen/Library/Developer/Xcode/DerivedData/OurWeek-fehiyzypcnsglletcbszonlcwimp/Index.noindex/DataStore -index-system-modules
SwiftCompile normal arm64 Compiling\ MealPlan+CoreDataProperties.swift,\ Recipe+CoreDataClass.swift,\ Recipe+CoreDataProperties.swift /Users/kalebjensen/Library/Developer/Xcode/DerivedData/OurWeek-fehiyzypcnsglletcbszonlcwimp/Build/Intermediates.noindex/OurWeek.build/Debug-iphoneos/OurWeek.build/DerivedSources/CoreDataGenerated/OurWeek/MealPlan+CoreDataProperties.swift /Users/kalebjensen/Library/Developer/Xcode/DerivedData/OurWeek-fehiyzypcnsglletcbszonlcwimp/Build/Intermediates.noindex/OurWeek.build/Debug-iphoneos/OurWeek.build/DerivedSources/CoreDataGenerated/OurWeek/Recipe+CoreDataClass.swift /Users/kalebjensen/Library/Developer/Xcode/DerivedData/OurWeek-fehiyzypcnsglletcbszonlcwimp/Build/Intermediates.noindex/OurWeek.build/Debug-iphoneos/OurWeek.build/DerivedSources/CoreDataGenerated/OurWeek/Recipe+CoreDataProperties.swift (in target 'OurWeek' from project 'OurWeek')

SwiftCompile normal arm64 /Users/kalebjensen/Library/Developer/Xcode/DerivedData/OurWeek-fehiyzypcnsglletcbszonlcwimp/Build/Intermediates.noindex/OurWeek.build/Debug-iphoneos/OurWeek.build/DerivedSources/CoreDataGenerated/OurWeek/MealPlan+CoreDataProperties.swift (in target 'OurWeek' from project 'OurWeek')
    cd /Users/kalebjensen/Desktop/Our\ Week/OurWeek
    

SwiftCompile normal arm64 /Users/kalebjensen/Library/Developer/Xcode/DerivedData/OurWeek-fehiyzypcnsglletcbszonlcwimp/Build/Intermediates.noindex/OurWeek.build/Debug-iphoneos/OurWeek.build/DerivedSources/CoreDataGenerated/OurWeek/Recipe+CoreDataClass.swift (in target 'OurWeek' from project 'OurWeek')
    cd /Users/kalebjensen/Desktop/Our\ Week/OurWeek
    

SwiftCompile normal arm64 /Users/kalebjensen/Library/Developer/Xcode/DerivedData/OurWeek-fehiyzypcnsglletcbszonlcwimp/Build/Intermediates.noindex/OurWeek.build/Debug-iphoneos/OurWeek.build/DerivedSources/CoreDataGenerated/OurWeek/Recipe+CoreDataProperties.swift (in target 'OurWeek' from project 'OurWeek')
    cd /Users/kalebjensen/Desktop/Our\ Week/OurWeek
    

SwiftCompile normal arm64 Compiling\ URLImportView.swift,\ CalendarEvent+CoreDataClass.swift,\ CalendarEvent+CoreDataProperties.swift /Users/kalebjensen/Desktop/Our\ Week/OurWeek/OurWeek/URLImportView.swift /Users/kalebjensen/Library/Developer/Xcode/DerivedData/OurWeek-fehiyzypcnsglletcbszonlcwimp/Build/Intermediates.noindex/OurWeek.build/Debug-iphoneos/OurWeek.build/DerivedSources/CoreDataGenerated/OurWeek/CalendarEvent+CoreDataClass.swift /Users/kalebjensen/Library/Developer/Xcode/DerivedData/OurWeek-fehiyzypcnsglletcbszonlcwimp/Build/Intermediates.noindex/OurWeek.build/Debug-iphoneos/OurWeek.build/DerivedSources/CoreDataGenerated/OurWeek/CalendarEvent+CoreDataProperties.swift (in target 'OurWeek' from project 'OurWeek')

SwiftCompile normal arm64 /Users/kalebjensen/Desktop/Our\ Week/OurWeek/OurWeek/URLImportView.swift (in target 'OurWeek' from project 'OurWeek')
    cd /Users/kalebjensen/Desktop/Our\ Week/OurWeek
    

SwiftCompile normal arm64 /Users/kalebjensen/Library/Developer/Xcode/DerivedData/OurWeek-fehiyzypcnsglletcbszonlcwimp/Build/Intermediates.noindex/OurWeek.build/Debug-iphoneos/OurWeek.build/DerivedSources/CoreDataGenerated/OurWeek/CalendarEvent+CoreDataClass.swift (in target 'OurWeek' from project 'OurWeek')
    cd /Users/kalebjensen/Desktop/Our\ Week/OurWeek
    

SwiftCompile normal arm64 /Users/kalebjensen/Library/Developer/Xcode/DerivedData/OurWeek-fehiyzypcnsglletcbszonlcwimp/Build/Intermediates.noindex/OurWeek.build/Debug-iphoneos/OurWeek.build/DerivedSources/CoreDataGenerated/OurWeek/CalendarEvent+CoreDataProperties.swift (in target 'OurWeek' from project 'OurWeek')
    cd /Users/kalebjensen/Desktop/Our\ Week/OurWeek
    

SwiftCompile normal arm64 Compiling\ RecipeIngredient+CoreDataClass.swift,\ RecipeIngredient+CoreDataProperties.swift,\ RecipeInstruction+CoreDataClass.swift /Users/kalebjensen/Library/Developer/Xcode/DerivedData/OurWeek-fehiyzypcnsglletcbszonlcwimp/Build/Intermediates.noindex/OurWeek.build/Debug-iphoneos/OurWeek.build/DerivedSources/CoreDataGenerated/OurWeek/RecipeIngredient+CoreDataClass.swift /Users/kalebjensen/Library/Developer/Xcode/DerivedData/OurWeek-fehiyzypcnsglletcbszonlcwimp/Build/Intermediates.noindex/OurWeek.build/Debug-iphoneos/OurWeek.build/DerivedSources/CoreDataGenerated/OurWeek/RecipeIngredient+CoreDataProperties.swift /Users/kalebjensen/Library/Developer/Xcode/DerivedData/OurWeek-fehiyzypcnsglletcbszonlcwimp/Build/Intermediates.noindex/OurWeek.build/Debug-iphoneos/OurWeek.build/DerivedSources/CoreDataGenerated/OurWeek/RecipeInstruction+CoreDataClass.swift (in target 'OurWeek' from project 'OurWeek')

SwiftCompile normal arm64 /Users/kalebjensen/Library/Developer/Xcode/DerivedData/OurWeek-fehiyzypcnsglletcbszonlcwimp/Build/Intermediates.noindex/OurWeek.build/Debug-iphoneos/OurWeek.build/DerivedSources/CoreDataGenerated/OurWeek/RecipeIngredient+CoreDataClass.swift (in target 'OurWeek' from project 'OurWeek')
    cd /Users/kalebjensen/Desktop/Our\ Week/OurWeek
    

SwiftCompile normal arm64 /Users/kalebjensen/Library/Developer/Xcode/DerivedData/OurWeek-fehiyzypcnsglletcbszonlcwimp/Build/Intermediates.noindex/OurWeek.build/Debug-iphoneos/OurWeek.build/DerivedSources/CoreDataGenerated/OurWeek/RecipeIngredient+CoreDataProperties.swift (in target 'OurWeek' from project 'OurWeek')
    cd /Users/kalebjensen/Desktop/Our\ Week/OurWeek
    

SwiftCompile normal arm64 /Users/kalebjensen/Library/Developer/Xcode/DerivedData/OurWeek-fehiyzypcnsglletcbszonlcwimp/Build/Intermediates.noindex/OurWeek.build/Debug-iphoneos/OurWeek.build/DerivedSources/CoreDataGenerated/OurWeek/RecipeInstruction+CoreDataClass.swift (in target 'OurWeek' from project 'OurWeek')
    cd /Users/kalebjensen/Desktop/Our\ Week/OurWeek
    

SwiftCompile normal arm64 Compiling\ Household+CoreDataClass.swift,\ Household+CoreDataProperties.swift,\ MealPlan+CoreDataClass.swift /Users/kalebjensen/Library/Developer/Xcode/DerivedData/OurWeek-fehiyzypcnsglletcbszonlcwimp/Build/Intermediates.noindex/OurWeek.build/Debug-iphoneos/OurWeek.build/DerivedSources/CoreDataGenerated/OurWeek/Household+CoreDataClass.swift /Users/kalebjensen/Library/Developer/Xcode/DerivedData/OurWeek-fehiyzypcnsglletcbszonlcwimp/Build/Intermediates.noindex/OurWeek.build/Debug-iphoneos/OurWeek.build/DerivedSources/CoreDataGenerated/OurWeek/Household+CoreDataProperties.swift /Users/kalebjensen/Library/Developer/Xcode/DerivedData/OurWeek-fehiyzypcnsglletcbszonlcwimp/Build/Intermediates.noindex/OurWeek.build/Debug-iphoneos/OurWeek.build/DerivedSources/CoreDataGenerated/OurWeek/MealPlan+CoreDataClass.swift (in target 'OurWeek' from project 'OurWeek')

SwiftCompile normal arm64 /Users/kalebjensen/Library/Developer/Xcode/DerivedData/OurWeek-fehiyzypcnsglletcbszonlcwimp/Build/Intermediates.noindex/OurWeek.build/Debug-iphoneos/OurWeek.build/DerivedSources/CoreDataGenerated/OurWeek/Household+CoreDataClass.swift (in target 'OurWeek' from project 'OurWeek')
    cd /Users/kalebjensen/Desktop/Our\ Week/OurWeek
    

SwiftCompile normal arm64 /Users/kalebjensen/Library/Developer/Xcode/DerivedData/OurWeek-fehiyzypcnsglletcbszonlcwimp/Build/Intermediates.noindex/OurWeek.build/Debug-iphoneos/OurWeek.build/DerivedSources/CoreDataGenerated/OurWeek/Household+CoreDataProperties.swift (in target 'OurWeek' from project 'OurWeek')
    cd /Users/kalebjensen/Desktop/Our\ Week/OurWeek
    

SwiftCompile normal arm64 /Users/kalebjensen/Library/Developer/Xcode/DerivedData/OurWeek-fehiyzypcnsglletcbszonlcwimp/Build/Intermediates.noindex/OurWeek.build/Debug-iphoneos/OurWeek.build/DerivedSources/CoreDataGenerated/OurWeek/MealPlan+CoreDataClass.swift (in target 'OurWeek' from project 'OurWeek')
    cd /Users/kalebjensen/Desktop/Our\ Week/OurWeek
    

SwiftEmitModule normal arm64 Emitting\ module\ for\ OurWeek (in target 'OurWeek' from project 'OurWeek')

EmitSwiftModule normal arm64 (in target 'OurWeek' from project 'OurWeek')
    cd /Users/kalebjensen/Desktop/Our\ Week/OurWeek
    

SwiftCompile normal arm64 Compiling\ RecipeInstruction+CoreDataProperties.swift,\ ShoppingItem+CoreDataClass.swift,\ ShoppingItem+CoreDataProperties.swift /Users/kalebjensen/Library/Developer/Xcode/DerivedData/OurWeek-fehiyzypcnsglletcbszonlcwimp/Build/Intermediates.noindex/OurWeek.build/Debug-iphoneos/OurWeek.build/DerivedSources/CoreDataGenerated/OurWeek/RecipeInstruction+CoreDataProperties.swift /Users/kalebjensen/Library/Developer/Xcode/DerivedData/OurWeek-fehiyzypcnsglletcbszonlcwimp/Build/Intermediates.noindex/OurWeek.build/Debug-iphoneos/OurWeek.build/DerivedSources/CoreDataGenerated/OurWeek/ShoppingItem+CoreDataClass.swift /Users/kalebjensen/Library/Developer/Xcode/DerivedData/OurWeek-fehiyzypcnsglletcbszonlcwimp/Build/Intermediates.noindex/OurWeek.build/Debug-iphoneos/OurWeek.build/DerivedSources/CoreDataGenerated/OurWeek/ShoppingItem+CoreDataProperties.swift (in target 'OurWeek' from project 'OurWeek')

SwiftCompile normal arm64 /Users/kalebjensen/Library/Developer/Xcode/DerivedData/OurWeek-fehiyzypcnsglletcbszonlcwimp/Build/Intermediates.noindex/OurWeek.build/Debug-iphoneos/OurWeek.build/DerivedSources/CoreDataGenerated/OurWeek/RecipeInstruction+CoreDataProperties.swift (in target 'OurWeek' from project 'OurWeek')
    cd /Users/kalebjensen/Desktop/Our\ Week/OurWeek
    

SwiftCompile normal arm64 /Users/kalebjensen/Library/Developer/Xcode/DerivedData/OurWeek-fehiyzypcnsglletcbszonlcwimp/Build/Intermediates.noindex/OurWeek.build/Debug-iphoneos/OurWeek.build/DerivedSources/CoreDataGenerated/OurWeek/ShoppingItem+CoreDataClass.swift (in target 'OurWeek' from project 'OurWeek')
    cd /Users/kalebjensen/Desktop/Our\ Week/OurWeek
    

SwiftCompile normal arm64 /Users/kalebjensen/Library/Developer/Xcode/DerivedData/OurWeek-fehiyzypcnsglletcbszonlcwimp/Build/Intermediates.noindex/OurWeek.build/Debug-iphoneos/OurWeek.build/DerivedSources/CoreDataGenerated/OurWeek/ShoppingItem+CoreDataProperties.swift (in target 'OurWeek' from project 'OurWeek')
    cd /Users/kalebjensen/Desktop/Our\ Week/OurWeek
    

SwiftCompile normal arm64 Compiling\ OurWeek+CoreDataModel.swift,\ GeneratedAssetSymbols.swift /Users/kalebjensen/Library/Developer/Xcode/DerivedData/OurWeek-fehiyzypcnsglletcbszonlcwimp/Build/Intermediates.noindex/OurWeek.build/Debug-iphoneos/OurWeek.build/DerivedSources/CoreDataGenerated/OurWeek/OurWeek+CoreDataModel.swift /Users/kalebjensen/Library/Developer/Xcode/DerivedData/OurWeek-fehiyzypcnsglletcbszonlcwimp/Build/Intermediates.noindex/OurWeek.build/Debug-iphoneos/OurWeek.build/DerivedSources/GeneratedAssetSymbols.swift (in target 'OurWeek' from project 'OurWeek')

SwiftCompile normal arm64 /Users/kalebjensen/Library/Developer/Xcode/DerivedData/OurWeek-fehiyzypcnsglletcbszonlcwimp/Build/Intermediates.noindex/OurWeek.build/Debug-iphoneos/OurWeek.build/DerivedSources/CoreDataGenerated/OurWeek/OurWeek+CoreDataModel.swift (in target 'OurWeek' from project 'OurWeek')
    cd /Users/kalebjensen/Desktop/Our\ Week/OurWeek
    

SwiftCompile normal arm64 /Users/kalebjensen/Library/Developer/Xcode/DerivedData/OurWeek-fehiyzypcnsglletcbszonlcwimp/Build/Intermediates.noindex/OurWeek.build/Debug-iphoneos/OurWeek.build/DerivedSources/GeneratedAssetSymbols.swift (in target 'OurWeek' from project 'OurWeek')
    cd /Users/kalebjensen/Desktop/Our\ Week/OurWeek
    

SwiftCompile normal arm64 Compiling\ ShoppingList+CoreDataClass.swift,\ ShoppingList+CoreDataProperties.swift /Users/kalebjensen/Library/Developer/Xcode/DerivedData/OurWeek-fehiyzypcnsglletcbszonlcwimp/Build/Intermediates.noindex/OurWeek.build/Debug-iphoneos/OurWeek.build/DerivedSources/CoreDataGenerated/OurWeek/ShoppingList+CoreDataClass.swift /Users/kalebjensen/Library/Developer/Xcode/DerivedData/OurWeek-fehiyzypcnsglletcbszonlcwimp/Build/Intermediates.noindex/OurWeek.build/Debug-iphoneos/OurWeek.build/DerivedSources/CoreDataGenerated/OurWeek/ShoppingList+CoreDataProperties.swift (in target 'OurWeek' from project 'OurWeek')

SwiftCompile normal arm64 /Users/kalebjensen/Library/Developer/Xcode/DerivedData/OurWeek-fehiyzypcnsglletcbszonlcwimp/Build/Intermediates.noindex/OurWeek.build/Debug-iphoneos/OurWeek.build/DerivedSources/CoreDataGenerated/OurWeek/ShoppingList+CoreDataClass.swift (in target 'OurWeek' from project 'OurWeek')
    cd /Users/kalebjensen/Desktop/Our\ Week/OurWeek
    

SwiftCompile normal arm64 /Users/kalebjensen/Library/Developer/Xcode/DerivedData/OurWeek-fehiyzypcnsglletcbszonlcwimp/Build/Intermediates.noindex/OurWeek.build/Debug-iphoneos/OurWeek.build/DerivedSources/CoreDataGenerated/OurWeek/ShoppingList+CoreDataProperties.swift (in target 'OurWeek' from project 'OurWeek')
    cd /Users/kalebjensen/Desktop/Our\ Week/OurWeek
    

SwiftCompile normal arm64 Compiling\ RecipeDetailView.swift,\ RecipeLibraryView.swift,\ RecipeScraperService.swift /Users/kalebjensen/Desktop/Our\ Week/OurWeek/OurWeek/RecipeDetailView.swift /Users/kalebjensen/Desktop/Our\ Week/OurWeek/OurWeek/RecipeLibraryView.swift /Users/kalebjensen/Desktop/Our\ Week/OurWeek/OurWeek/RecipeScraperService.swift (in target 'OurWeek' from project 'OurWeek')

SwiftCompile normal arm64 /Users/kalebjensen/Desktop/Our\ Week/OurWeek/OurWeek/RecipeDetailView.swift (in target 'OurWeek' from project 'OurWeek')
    cd /Users/kalebjensen/Desktop/Our\ Week/OurWeek
    
/Users/kalebjensen/Desktop/Our Week/OurWeek/OurWeek/RecipeDetailView.swift:74:57: warning: '+' was deprecated in iOS 26.0: Use string interpolation on `Text` instead: `Text("Hello \(name)")`
                                .foregroundStyle(.gray) +
                                                        ^

SwiftCompile normal arm64 /Users/kalebjensen/Desktop/Our\ Week/OurWeek/OurWeek/RecipeLibraryView.swift (in target 'OurWeek' from project 'OurWeek')
    cd /Users/kalebjensen/Desktop/Our\ Week/OurWeek
    

SwiftCompile normal arm64 /Users/kalebjensen/Desktop/Our\ Week/OurWeek/OurWeek/RecipeScraperService.swift (in target 'OurWeek' from project 'OurWeek')
    cd /Users/kalebjensen/Desktop/Our\ Week/OurWeek
    

SwiftDriverJobDiscovery normal arm64 Compiling ShoppingList+CoreDataClass.swift, ShoppingList+CoreDataProperties.swift (in target 'OurWeek' from project 'OurWeek')

SwiftDriverJobDiscovery normal arm64 Compiling RecipeIngredient+CoreDataClass.swift, RecipeIngredient+CoreDataProperties.swift, RecipeInstruction+CoreDataClass.swift (in target 'OurWeek' from project 'OurWeek')

SwiftDriverJobDiscovery normal arm64 Compiling Household+CoreDataClass.swift, Household+CoreDataProperties.swift, MealPlan+CoreDataClass.swift (in target 'OurWeek' from project 'OurWeek')

SwiftDriverJobDiscovery normal arm64 Compiling RecipeInstruction+CoreDataProperties.swift, ShoppingItem+CoreDataClass.swift, ShoppingItem+CoreDataProperties.swift (in target 'OurWeek' from project 'OurWeek')

SwiftDriverJobDiscovery normal arm64 Compiling MealPlan+CoreDataProperties.swift, Recipe+CoreDataClass.swift, Recipe+CoreDataProperties.swift (in target 'OurWeek' from project 'OurWeek')

SwiftDriverJobDiscovery normal arm64 Compiling OurWeek+CoreDataModel.swift, GeneratedAssetSymbols.swift (in target 'OurWeek' from project 'OurWeek')

SwiftDriverJobDiscovery normal arm64 Compiling Persistence.swift, RateLimiter.swift, RecipeCard.swift (in target 'OurWeek' from project 'OurWeek')

SwiftDriverJobDiscovery normal arm64 Compiling CalendarSettingsView.swift, CalendarSyncManager.swift, CalendarView.swift (in target 'OurWeek' from project 'OurWeek')

SwiftDriverJobDiscovery normal arm64 Compiling KeychainManager.swift, MealPlanCarouselView.swift, OurWeekApp.swift (in target 'OurWeek' from project 'OurWeek')

SwiftDriverJobDiscovery normal arm64 Compiling URLImportView.swift, CalendarEvent+CoreDataClass.swift, CalendarEvent+CoreDataProperties.swift (in target 'OurWeek' from project 'OurWeek')

SwiftDriverJobDiscovery normal arm64 Compiling GeminiError.swift, GeminiService.swift, ImportPreviewView.swift (in target 'OurWeek' from project 'OurWeek')

SwiftDriverJobDiscovery normal arm64 Compiling AddEventSheet.swift, AddMealSheet.swift, AddRecipeView.swift (in target 'OurWeek' from project 'OurWeek')

SwiftDriverJobDiscovery normal arm64 Compiling AIPromptTemplates.swift, AIResponseCache.swift, AISettingsView.swift (in target 'OurWeek' from project 'OurWeek')

SwiftDriverJobDiscovery normal arm64 Compiling RecipeDetailView.swift, RecipeLibraryView.swift, RecipeScraperService.swift (in target 'OurWeek' from project 'OurWeek')

SwiftDriverJobDiscovery normal arm64 Compiling ContentView.swift, DataManager.swift, EventDetailSheet.swift (in target 'OurWeek' from project 'OurWeek')

** BUILD FAILED **


The following build commands failed:
	SwiftCompile normal arm64 /Users/kalebjensen/Desktop/Our\ Week/OurWeek/OurWeek/ShoppingListView.swift (in target 'OurWeek' from project 'OurWeek')
	SwiftCompile normal arm64 Compiling\ SharingManager.swift,\ SharingSettingsView.swift,\ ShoppingListView.swift /Users/kalebjensen/Desktop/Our\ Week/OurWeek/OurWeek/SharingManager.swift /Users/kalebjensen/Desktop/Our\ Week/OurWeek/OurWeek/SharingSettingsView.swift /Users/kalebjensen/Desktop/Our\ Week/OurWeek/OurWeek/ShoppingListView.swift (in target 'OurWeek' from project 'OurWeek')
	Building project OurWeek with scheme OurWeek
(3 failures)
